src/components/ColorPicker.tsx(35,61): error TS2345: Argument of type 'string' is not assignable to parameter of type '`#${string}`'.
